2026-07-10 02:06:22.160: [INFO] OnDoneLoading sync enabled: 0
2026-07-10 02:11:13.957: [INFO] OnDoneLoading sync enabled: 0
2026-07-10 04:49:29.494: [INFO] OnDoneLoading sync enabled: 0
2026-07-13 02:20:04.446: [INFO] OnDoneLoading sync enabled: 0
2026-07-13 04:22:30.142: [INFO] OnDoneLoading sync enabled: 0
2026-07-13 04:46:47.300: [INFO] OnDoneLoading sync enabled: 0
2026-07-13 05:09:09.257: [INFO] OnDoneLoading sync enabled: 0
2026-07-13 05:09:34.542: [INFO] OnDoneLoading sync enabled: 0
2026-07-13 05:12:10.547: [INFO] OnDoneLoading sync enabled: 0
2026-07-15 02:15:39.224: [INFO] OnDoneLoading sync enabled: 0
2026-07-15 02:19:01.463: [INFO] OnDoneLoading sync enabled: 0
2026-07-15 04:26:19.191: [INFO] OnDoneLoading sync enabled: 0
2026-07-15 05:33:31.464: [INFO] OnDoneLoading sync enabled: 0
2026-07-15 09:30:18.166: [INFO] OnDoneLoading sync enabled: 0
2026-07-15 09:30:36.109: [INFO] OnDoneLoading sync enabled: 0
2026-07-16 04:21:49.644: [INFO] OnDoneLoading sync enabled: 0
2026-07-16 06:10:37.703: [INFO] OnDoneLoading sync enabled: 0
2026-07-16 06:15:28.447: [INFO] OnDoneLoading sync enabled: 0
2026-07-16 06:15:46.888: [INFO] OnDoneLoading sync enabled: 0
2026-07-16 06:22:22.460: [INFO] OnDoneLoading sync enabled: 0
2026-07-17 01:54:56.292: [INFO] OnDoneLoading sync enabled: 0
2026-07-17 05:36:37.789: [INFO] OnDoneLoading sync enabled: 0
2026-07-17 05:37:10.558: [INFO] OnDoneLoading sync enabled: 0
2026-07-17 05:39:16.860: [INFO] OnDoneLoading sync enabled: 0
2026-07-17 09:16:55.993: [INFO] OnDoneLoading sync enabled: 0
2026-07-18 10:28:39.799: [INFO] OnDoneLoading sync enabled: 0
2026-07-18 10:28:44.406: [INFO] OnDoneLoading sync enabled: 0
2026-07-18 10:28:53.198: [INFO] OnDoneLoading sync enabled: 0
2026-07-18 10:29:58.603: [INFO] OnDoneLoading sync enabled: 0
2026-07-18 10:31:04.468: [INFO] OnDoneLoading sync enabled: 0
2026-07-18 10:31:36.113: [INFO] OnDoneLoading sync enabled: 0
2026-07-18 10:32:54.970: [INFO] OnDoneLoading sync enabled: 0
2026-07-19 05:45:38.126: [INFO] OnDoneLoading sync enabled: 0
2026-07-19 05:50:42.985: [INFO] OnDoneLoading sync enabled: 0
2026-07-19 05:52:37.040: [INFO] OnDoneLoading sync enabled: 0
2026-07-19 05:53:09.125: [INFO] OnDoneLoading sync enabled: 0
2026-07-19 05:54:40.244: [INFO] OnDoneLoading sync enabled: 0
2026-07-20 02:15:15.902: [INFO] OnDoneLoading sync enabled: 0
2026-07-20 02:17:31.697: [INFO] OnDoneLoading sync enabled: 0
2026-07-20 03:17:11.731: [INFO] OnDoneLoading sync enabled: 0
2026-07-20 04:02:36.601: [INFO] OnDoneLoading sync enabled: 0
2026-07-21 01:35:26.708: [INFO] OnDoneLoading sync enabled: 0
2026-07-21 01:35:58.521: [INFO] OnDoneLoading sync enabled: 0
2026-07-21 01:37:26.999: [INFO] OnDoneLoading sync enabled: 0
2026-07-21 01:38:00.244: [INFO] OnDoneLoading sync enabled: 0
2026-07-21 02:36:04.665: [INFO] OnDoneLoading sync enabled: 0
2026-07-21 02:36:17.773: [INFO] OnDoneLoading sync enabled: 0
2026-07-22 02:15:12.117: [INFO] OnDoneLoading sync enabled: 0
2026-07-22 02:20:20.002: [INFO] OnDoneLoading sync enabled: 0
2026-07-22 04:41:10.831: [INFO] OnDoneLoading sync enabled: 0
2026-07-22 04:52:05.830: [INFO] OnDoneLoading sync enabled: 0
2026-07-24 03:02:52.148: [INFO] OnDoneLoading sync enabled: 0
2026-07-24 03:03:36.317: [INFO] OnDoneLoading sync enabled: 0
2026-07-29 04:53:58.804: [INFO] OnDoneLoading sync enabled: 0
2026-07-30 05:42:34.707: [INFO] OnDoneLoading sync enabled: 0
2026-07-30 05:42:46.986: [INFO] OnDoneLoading sync enabled: 0
2026-08-05 01:54:53.962: [INFO] CurrentProfilePath: C:\pleiades\2026-03\eclipse\Practice1\.metadata\.plugins\org.eclipse.swt\EBWebView\Default
2026-08-05 01:54:53.962: [INFO] Profiles total count: 1
2026-08-05 01:54:53.962: [INFO] Profile: name=プロファイル 1 path=C:\pleiades\2026-03\eclipse\Practice1\.metadata\.plugins\org.eclipse.swt\EBWebView\Default lastActive=2026-07-24T03:07:22.498Z
2026-08-05 01:54:53.962: [INFO] LastUsedProfileDir: C:\pleiades\2026-03\eclipse\Practice1\.metadata\.plugins\org.eclipse.swt\EBWebView\Default
2026-08-05 01:54:53.963: [INFO] MostRecentlyActiveProfile: name=プロファイル 1 path=C:\pleiades\2026-03\eclipse\Practice1\.metadata\.plugins\org.eclipse.swt\EBWebView\Default lastActive=2026-07-24T03:07:22.498Z
2026-08-05 01:54:53.963: [INFO] OnDoneLoading sync enabled: 0
2026-08-05 01:54:53.963: [INFO] BookmarkModelLoaded, ids_reassigned: 0
2026-08-05 01:54:53.963: [INFO] BookmarksLoadDropped droppedNodes=0
2026-08-05 01:54:53.963: [INFO] BookmarksSnapshot Startup total=0 bar=0 other=0 mobile=0 showBar=0 showBarNTP=1
2026-08-05 03:29:56.873: [INFO] BookmarksSnapshot Shutdown total=0 bar=0 other=0 mobile=0 showBar=0 showBarNTP=1
2026-08-06 05:19:30.587: [INFO] CurrentProfilePath: C:\pleiades\2026-03\eclipse\Practice1\.metadata\.plugins\org.eclipse.swt\EBWebView\Default
2026-08-06 05:19:30.587: [INFO] Profiles total count: 1
2026-08-06 05:19:30.587: [INFO] Profile: name=プロファイル 1 path=C:\pleiades\2026-03\eclipse\Practice1\.metadata\.plugins\org.eclipse.swt\EBWebView\Default lastActive=2026-07-24T03:07:22.498Z
2026-08-06 05:19:30.587: [INFO] LastUsedProfileDir: C:\pleiades\2026-03\eclipse\Practice1\.metadata\.plugins\org.eclipse.swt\EBWebView\Default
2026-08-06 05:19:30.587: [INFO] MostRecentlyActiveProfile: name=プロファイル 1 path=C:\pleiades\2026-03\eclipse\Practice1\.metadata\.plugins\org.eclipse.swt\EBWebView\Default lastActive=2026-07-24T03:07:22.498Z
2026-08-06 05:19:30.587: [INFO] OnDoneLoading sync enabled: 0
2026-08-06 05:19:30.587: [INFO] BookmarkModelLoaded, ids_reassigned: 0
2026-08-06 05:19:30.587: [INFO] BookmarksLoadDropped droppedNodes=0
2026-08-06 05:19:30.587: [INFO] BookmarksSnapshot Startup total=0 bar=0 other=0 mobile=0 showBar=0 showBarNTP=1
2026-08-06 05:20:32.543: [INFO] BookmarksSnapshot Shutdown total=0 bar=0 other=0 mobile=0 showBar=0 showBarNTP=1
2026-08-06 11:24:47.840: [INFO] CurrentProfilePath: C:\pleiades\2026-03\eclipse\Practice1\.metadata\.plugins\org.eclipse.swt\EBWebView\Default
2026-08-06 11:24:47.840: [INFO] Profiles total count: 1
2026-08-06 11:24:47.840: [INFO] Profile: name=プロファイル 1 path=C:\pleiades\2026-03\eclipse\Practice1\.metadata\.plugins\org.eclipse.swt\EBWebView\Default lastActive=2026-07-24T03:07:22.498Z
2026-08-06 11:24:47.840: [INFO] LastUsedProfileDir: C:\pleiades\2026-03\eclipse\Practice1\.metadata\.plugins\org.eclipse.swt\EBWebView\Default
2026-08-06 11:24:47.840: [INFO] MostRecentlyActiveProfile: name=プロファイル 1 path=C:\pleiades\2026-03\eclipse\Practice1\.metadata\.plugins\org.eclipse.swt\EBWebView\Default lastActive=2026-07-24T03:07:22.498Z
2026-08-06 11:24:47.840: [INFO] OnDoneLoading sync enabled: 0
2026-08-06 11:24:47.840: [INFO] BookmarkModelLoaded, ids_reassigned: 0
2026-08-06 11:24:47.840: [INFO] BookmarksLoadDropped droppedNodes=0
2026-08-06 11:24:47.840: [INFO] BookmarksSnapshot Startup total=0 bar=0 other=0 mobile=0 showBar=0 showBarNTP=1
2026-08-06 12:09:23.426: [INFO] BookmarksSnapshot Shutdown total=0 bar=0 other=0 mobile=0 showBar=0 showBarNTP=1
2026-08-13 02:30:37.809: [INFO] CurrentProfilePath: C:\pleiades\2026-03\eclipse\Practice1\.metadata\.plugins\org.eclipse.swt\EBWebView\Default
2026-08-13 02:30:37.809: [INFO] Profiles total count: 1
2026-08-13 02:30:37.809: [INFO] Profile: name=プロファイル 1 path=C:\pleiades\2026-03\eclipse\Practice1\.metadata\.plugins\org.eclipse.swt\EBWebView\Default lastActive=2026-07-24T03:07:22.498Z
2026-08-13 02:30:37.809: [INFO] LastUsedProfileDir: C:\pleiades\2026-03\eclipse\Practice1\.metadata\.plugins\org.eclipse.swt\EBWebView\Default
2026-08-13 02:30:37.809: [INFO] MostRecentlyActiveProfile: name=プロファイル 1 path=C:\pleiades\2026-03\eclipse\Practice1\.metadata\.plugins\org.eclipse.swt\EBWebView\Default lastActive=2026-07-24T03:07:22.498Z
2026-08-13 02:30:37.809: [INFO] OnDoneLoading sync enabled: 0
2026-08-13 02:30:37.809: [INFO] BookmarkModelLoaded, ids_reassigned: 0
2026-08-13 02:30:37.809: [INFO] BookmarksLoadDropped droppedNodes=0
2026-08-13 02:30:37.809: [INFO] BookmarksSnapshot Startup total=0 bar=0 other=0 mobile=0 showBar=0 showBarNTP=1
2026-08-13 02:30:37.936: [INFO] BookmarksSnapshot Shutdown total=0 bar=0 other=0 mobile=0 showBar=0 showBarNTP=1
2026-08-13 02:31:08.573: [INFO] CurrentProfilePath: C:\pleiades\2026-03\eclipse\Practice1\.metadata\.plugins\org.eclipse.swt\EBWebView\Default
2026-08-13 02:31:08.573: [INFO] Profiles total count: 1
2026-08-13 02:31:08.574: [INFO] Profile: name=プロファイル 1 path=C:\pleiades\2026-03\eclipse\Practice1\.metadata\.plugins\org.eclipse.swt\EBWebView\Default lastActive=2026-07-24T03:07:22.498Z
2026-08-13 02:31:08.574: [INFO] LastUsedProfileDir: C:\pleiades\2026-03\eclipse\Practice1\.metadata\.plugins\org.eclipse.swt\EBWebView\Default
2026-08-13 02:31:08.574: [INFO] MostRecentlyActiveProfile: name=プロファイル 1 path=C:\pleiades\2026-03\eclipse\Practice1\.metadata\.plugins\org.eclipse.swt\EBWebView\Default lastActive=2026-07-24T03:07:22.498Z
2026-08-13 02:31:08.574: [INFO] OnDoneLoading sync enabled: 0
2026-08-13 02:31:08.574: [INFO] BookmarkModelLoaded, ids_reassigned: 0
2026-08-13 02:31:08.574: [INFO] BookmarksLoadDropped droppedNodes=0
2026-08-13 02:31:08.574: [INFO] BookmarksSnapshot Startup total=0 bar=0 other=0 mobile=0 showBar=0 showBarNTP=1
2026-08-13 02:31:23.267: [INFO] BookmarksSnapshot Shutdown total=0 bar=0 other=0 mobile=0 showBar=0 showBarNTP=1
2026-08-13 02:31:28.912: [INFO] CurrentProfilePath: C:\pleiades\2026-03\eclipse\Practice1\.metadata\.plugins\org.eclipse.swt\EBWebView\Default
2026-08-13 02:31:28.912: [INFO] Profiles total count: 1
2026-08-13 02:31:28.913: [INFO] Profile: name=プロファイル 1 path=C:\pleiades\2026-03\eclipse\Practice1\.metadata\.plugins\org.eclipse.swt\EBWebView\Default lastActive=2026-07-24T03:07:22.498Z
2026-08-13 02:31:28.913: [INFO] LastUsedProfileDir: C:\pleiades\2026-03\eclipse\Practice1\.metadata\.plugins\org.eclipse.swt\EBWebView\Default
2026-08-13 02:31:28.913: [INFO] MostRecentlyActiveProfile: name=プロファイル 1 path=C:\pleiades\2026-03\eclipse\Practice1\.metadata\.plugins\org.eclipse.swt\EBWebView\Default lastActive=2026-07-24T03:07:22.498Z
2026-08-13 02:31:28.913: [INFO] OnDoneLoading sync enabled: 0
2026-08-13 02:31:28.913: [INFO] BookmarkModelLoaded, ids_reassigned: 0
2026-08-13 02:31:28.913: [INFO] BookmarksLoadDropped droppedNodes=0
2026-08-13 02:31:28.913: [INFO] BookmarksSnapshot Startup total=0 bar=0 other=0 mobile=0 showBar=0 showBarNTP=1
2026-08-13 02:31:33.351: [INFO] BookmarksSnapshot Shutdown total=0 bar=0 other=0 mobile=0 showBar=0 showBarNTP=1
2026-08-13 02:31:38.923: [INFO] CurrentProfilePath: C:\pleiades\2026-03\eclipse\Practice1\.metadata\.plugins\org.eclipse.swt\EBWebView\Default
2026-08-13 02:31:38.923: [INFO] Profiles total count: 1
2026-08-13 02:31:38.923: [INFO] Profile: name=プロファイル 1 path=C:\pleiades\2026-03\eclipse\Practice1\.metadata\.plugins\org.eclipse.swt\EBWebView\Default lastActive=2026-07-24T03:07:22.498Z
2026-08-13 02:31:38.923: [INFO] LastUsedProfileDir: C:\pleiades\2026-03\eclipse\Practice1\.metadata\.plugins\org.eclipse.swt\EBWebView\Default
2026-08-13 02:31:38.923: [INFO] MostRecentlyActiveProfile: name=プロファイル 1 path=C:\pleiades\2026-03\eclipse\Practice1\.metadata\.plugins\org.eclipse.swt\EBWebView\Default lastActive=2026-07-24T03:07:22.498Z
2026-08-13 02:31:38.923: [INFO] OnDoneLoading sync enabled: 0
2026-08-13 02:31:38.923: [INFO] BookmarkModelLoaded, ids_reassigned: 0
2026-08-13 02:31:38.923: [INFO] BookmarksLoadDropped droppedNodes=0
2026-08-13 02:31:38.923: [INFO] BookmarksSnapshot Startup total=0 bar=0 other=0 mobile=0 showBar=0 showBarNTP=1
2026-08-13 02:31:42.779: [INFO] BookmarksSnapshot Shutdown total=0 bar=0 other=0 mobile=0 showBar=0 showBarNTP=1
2026-08-13 02:34:58.453: [INFO] CurrentProfilePath: C:\pleiades\2026-03\eclipse\Practice1\.metadata\.plugins\org.eclipse.swt\EBWebView\Default
2026-08-13 02:34:58.453: [INFO] Profiles total count: 1
2026-08-13 02:34:58.454: [INFO] Profile: name=プロファイル 1 path=C:\pleiades\2026-03\eclipse\Practice1\.metadata\.plugins\org.eclipse.swt\EBWebView\Default lastActive=2026-07-24T03:07:22.498Z
2026-08-13 02:34:58.454: [INFO] LastUsedProfileDir: C:\pleiades\2026-03\eclipse\Practice1\.metadata\.plugins\org.eclipse.swt\EBWebView\Default
2026-08-13 02:34:58.454: [INFO] MostRecentlyActiveProfile: name=プロファイル 1 path=C:\pleiades\2026-03\eclipse\Practice1\.metadata\.plugins\org.eclipse.swt\EBWebView\Default lastActive=2026-07-24T03:07:22.498Z
2026-08-13 02:34:58.454: [INFO] OnDoneLoading sync enabled: 0
2026-08-13 02:34:58.454: [INFO] BookmarkModelLoaded, ids_reassigned: 0
2026-08-13 02:34:58.454: [INFO] BookmarksLoadDropped droppedNodes=0
2026-08-13 02:34:58.454: [INFO] BookmarksSnapshot Startup total=0 bar=0 other=0 mobile=0 showBar=0 showBarNTP=1
